minutes(2011-01-01T07:58:00Z, 2011-01-01T08:02:00Z):
  Fri Dec 31 2010 23:58:00 GMT-0800 (PST)
  Fri Dec 31 2010 23:59:00 GMT-0800 (PST)
  Sat Jan 01 2011 00:00:00 GMT-0800 (PST)
  Sat Jan 01 2011 00:01:00 GMT-0800 (PST)

minutes(2011-03-13T09:58:00Z, 2011-03-13T10:02:00Z):
  Sun Mar 13 2011 01:58:00 GMT-0800 (PST)
  Sun Mar 13 2011 01:59:00 GMT-0800 (PST)
  Sun Mar 13 2011 03:00:00 GMT-0700 (PDT)
  Sun Mar 13 2011 03:01:00 GMT-0700 (PDT)

minutes.utc(2010-12-31T23:58:00Z, 2011-01-01T00:02:00Z):
  Fri Dec 31 2010 15:58:00 GMT-0800 (PST)
  Fri Dec 31 2010 15:59:00 GMT-0800 (PST)
  Fri Dec 31 2010 16:00:00 GMT-0800 (PST)
  Fri Dec 31 2010 16:01:00 GMT-0800 (PST)

