years(2009-11-21T06:00:00Z, 2012-02-12T10:00:00Z):
  Fri Jan 01 2010 00:00:00 GMT-0800 (PST)
  Sat Jan 01 2011 00:00:00 GMT-0800 (PST)
  Sun Jan 01 2012 00:00:00 GMT-0800 (PST)

years(2009-01-02T07:00:00Z, 2012-04-24T11:00:00Z):
  Fri Jan 01 2010 00:00:00 GMT-0800 (PST)
  Sat Jan 01 2011 00:00:00 GMT-0800 (PST)
  Sun Jan 01 2012 00:00:00 GMT-0800 (PST)

years(2009-09-25T07:00:00Z, 2012-12-17T11:00:00Z):
  Fri Jan 01 2010 00:00:00 GMT-0800 (PST)
  Sat Jan 01 2011 00:00:00 GMT-0800 (PST)
  Sun Jan 01 2012 00:00:00 GMT-0800 (PST)

years.utc(2009-11-20T22:00:00Z, 2012-02-12T02:00:00Z):
  Thu Dec 31 2009 16:00:00 GMT-0800 (PST)
  Fri Dec 31 2010 16:00:00 GMT-0800 (PST)
  Sat Dec 31 2011 16:00:00 GMT-0800 (PST)

