seconds(2011-01-01T07:59:58Z, 2011-01-01T08:00:02Z):
  Fri Dec 31 2010 23:59:58 GMT-0800 (PST)
  Fri Dec 31 2010 23:59:59 GMT-0800 (PST)
  Sat Jan 01 2011 00:00:00 GMT-0800 (PST)
  Sat Jan 01 2011 00:00:01 GMT-0800 (PST)

seconds(2011-03-13T09:59:58Z, 2011-03-13T10:00:02Z):
  Sun Mar 13 2011 01:59:58 GMT-0800 (PST)
  Sun Mar 13 2011 01:59:59 GMT-0800 (PST)
  Sun Mar 13 2011 03:00:00 GMT-0700 (PDT)
  Sun Mar 13 2011 03:00:01 GMT-0700 (PDT)

seconds.utc(2010-12-31T23:59:58Z, 2011-01-01T00:00:02Z):
  Fri Dec 31 2010 15:59:58 GMT-0800 (PST)
  Fri Dec 31 2010 15:59:59 GMT-0800 (PST)
  Fri Dec 31 2010 16:00:00 GMT-0800 (PST)
  Fri Dec 31 2010 16:00:01 GMT-0800 (PST)

