weeks(2010-12-21T06:00:00Z, 2011-01-12T10:00:00Z):
  Sun Dec 26 2010 00:00:00 GMT-0800 (PST)
  Sun Jan 02 2011 00:00:00 GMT-0800 (PST)
  Sun Jan 09 2011 00:00:00 GMT-0800 (PST)

weeks(2011-03-02T07:00:00Z, 2011-03-24T11:00:00Z):
  Sun Mar 06 2011 00:00:00 GMT-0800 (PST)
  Sun Mar 13 2011 00:00:00 GMT-0800 (PST)
  Sun Mar 20 2011 00:00:00 GMT-0700 (PDT)

weeks(2011-10-25T07:00:00Z, 2011-11-17T11:00:00Z):
  Sun Oct 30 2011 00:00:00 GMT-0700 (PDT)
  Sun Nov 06 2011 00:00:00 GMT-0700 (PDT)
  Sun Nov 13 2011 00:00:00 GMT-0800 (PST)

weeks.utc(2010-12-20T22:00:00Z, 2011-01-12T02:00:00Z):
  Sat Dec 25 2010 16:00:00 GMT-0800 (PST)
  Sat Jan 01 2011 16:00:00 GMT-0800 (PST)
  Sat Jan 08 2011 16:00:00 GMT-0800 (PST)

