hours(2011-01-01T06:00:00Z, 2011-01-01T10:00:00Z):
  Fri Dec 31 2010 22:00:00 GMT-0800 (PST)
  Fri Dec 31 2010 23:00:00 GMT-0800 (PST)
  Sat Jan 01 2011 00:00:00 GMT-0800 (PST)
  Sat Jan 01 2011 01:00:00 GMT-0800 (PST)

hours(2011-03-13T07:00:00Z, 2011-03-13T11:00:00Z):
  Sat Mar 12 2011 23:00:00 GMT-0800 (PST)
  Sun Mar 13 2011 00:00:00 GMT-0800 (PST)
  Sun Mar 13 2011 01:00:00 GMT-0800 (PST)
  Sun Mar 13 2011 03:00:00 GMT-0700 (PDT)

hours(2011-11-06T07:00:00Z, 2011-11-06T11:00:00Z):
  Sun Nov 06 2011 00:00:00 GMT-0700 (PDT)
  Sun Nov 06 2011 01:00:00 GMT-0700 (PDT)
  Sun Nov 06 2011 01:00:00 GMT-0800 (PST)
  Sun Nov 06 2011 02:00:00 GMT-0800 (PST)

hours.utc(2010-12-31T22:00:00Z, 2011-01-01T02:00:00Z):
  Fri Dec 31 2010 14:00:00 GMT-0800 (PST)
  Fri Dec 31 2010 15:00:00 GMT-0800 (PST)
  Fri Dec 31 2010 16:00:00 GMT-0800 (PST)
  Fri Dec 31 2010 17:00:00 GMT-0800 (PST)

